// Jest Snapshot v1, https://goo.gl/fbAQLP

exports[`should render addExpensePage correctly 1`] = `ShallowWrapper {}`;
