// Jest Snapshot v1, https://goo.gl/fbAQLP

exports[`should render ExpenseList with expenses 1`] = `
<div>
  <ExpenseListItem
    amount={195}
    createdAt={0}
    description="Gum"
    id="1"
    key="1"
  />
  <ExpenseListItem
    amount={109500}
    createdAt={-345600000}
    description="rent"
    id="2"
    key="2"
  />
  <ExpenseListItem
    amount={4500}
    createdAt={345600000}
    description="credit card"
    id="3"
    key="3"
  />
</div>
`;

exports[`should render expense list with empty message 1`] = `
<div>
  <p>
    No expenses
  </p>
</div>
`;
